Archive member included to satisfy reference by file (symbol)

/Applications/STM32CubeIDE.app/Contents/Eclipse/plugins/com.st.stm32cube.ide.mcu.externaltools.gnu-tools-for-stm32.10.3-2021.10.macos64_1.0.100.202210260954/tools/bin/../lib/gcc/arm-none-eabi/10.3.1/../../../../arm-none-eabi/lib/thumb/v7e-m+fp/hard/libc_nano.a(lib_a-errno.o)
                              ./Src/syscalls.o (__errno)
/Applications/STM32CubeIDE.app/Contents/Eclipse/plugins/com.st.stm32cube.ide.mcu.externaltools.gnu-tools-for-stm32.10.3-2021.10.macos64_1.0.100.202210260954/tools/bin/../lib/gcc/arm-none-eabi/10.3.1/../../../../arm-none-eabi/lib/thumb/v7e-m+fp/hard/libc_nano.a(lib_a-exit.o)
                              /Applications/STM32CubeIDE.app/Contents/Eclipse/plugins/com.st.stm32cube.ide.mcu.externaltools.gnu-tools-for-stm32.10.3-2021.10.macos64_1.0.100.202210260954/tools/bin/../lib/gcc/arm-none-eabi/10.3.1/../../../../arm-none-eabi/lib/thumb/v7e-m+fp/hard/crt0.o (exit)
/Applications/STM32CubeIDE.app/Contents/Eclipse/plugins/com.st.stm32cube.ide.mcu.externaltools.gnu-tools-for-stm32.10.3-2021.10.macos64_1.0.100.202210260954/tools/bin/../lib/gcc/arm-none-eabi/10.3.1/../../../../arm-none-eabi/lib/thumb/v7e-m+fp/hard/libc_nano.a(lib_a-fprintf.o)
                              ./Src/kernel/kernel.o (fprintf)
/Applications/STM32CubeIDE.app/Contents/Eclipse/plugins/com.st.stm32cube.ide.mcu.externaltools.gnu-tools-for-stm32.10.3-2021.10.macos64_1.0.100.202210260954/tools/bin/../lib/gcc/arm-none-eabi/10.3.1/../../../../arm-none-eabi/lib/thumb/v7e-m+fp/hard/libc_nano.a(lib_a-impure.o)
                              /Applications/STM32CubeIDE.app/Contents/Eclipse/plugins/com.st.stm32cube.ide.mcu.externaltools.gnu-tools-for-stm32.10.3-2021.10.macos64_1.0.100.202210260954/tools/bin/../lib/gcc/arm-none-eabi/10.3.1/../../../../arm-none-eabi/lib/thumb/v7e-m+fp/hard/libc_nano.a(lib_a-exit.o) (_global_impure_ptr)
/Applications/STM32CubeIDE.app/Contents/Eclipse/plugins/com.st.stm32cube.ide.mcu.externaltools.gnu-tools-for-stm32.10.3-2021.10.macos64_1.0.100.202210260954/tools/bin/../lib/gcc/arm-none-eabi/10.3.1/../../../../arm-none-eabi/lib/thumb/v7e-m+fp/hard/libc_nano.a(lib_a-init.o)
                              /Applications/STM32CubeIDE.app/Contents/Eclipse/plugins/com.st.stm32cube.ide.mcu.externaltools.gnu-tools-for-stm32.10.3-2021.10.macos64_1.0.100.202210260954/tools/bin/../lib/gcc/arm-none-eabi/10.3.1/../../../../arm-none-eabi/lib/thumb/v7e-m+fp/hard/crt0.o (__libc_init_array)
/Applications/STM32CubeIDE.app/Contents/Eclipse/plugins/com.st.stm32cube.ide.mcu.externaltools.gnu-tools-for-stm32.10.3-2021.10.macos64_1.0.100.202210260954/tools/bin/../lib/gcc/arm-none-eabi/10.3.1/../../../../arm-none-eabi/lib/thumb/v7e-m+fp/hard/libc_nano.a(lib_a-memset.o)
                              /Applications/STM32CubeIDE.app/Contents/Eclipse/plugins/com.st.stm32cube.ide.mcu.externaltools.gnu-tools-for-stm32.10.3-2021.10.macos64_1.0.100.202210260954/tools/bin/../lib/gcc/arm-none-eabi/10.3.1/../../../../arm-none-eabi/lib/thumb/v7e-m+fp/hard/crt0.o (memset)
/Applications/STM32CubeIDE.app/Contents/Eclipse/plugins/com.st.stm32cube.ide.mcu.externaltools.gnu-tools-for-stm32.10.3-2021.10.macos64_1.0.100.202210260954/tools/bin/../lib/gcc/arm-none-eabi/10.3.1/../../../../arm-none-eabi/lib/thumb/v7e-m+fp/hard/libc_nano.a(lib_a-nano-vfprintf.o)
                              /Applications/STM32CubeIDE.app/Contents/Eclipse/plugins/com.st.stm32cube.ide.mcu.externaltools.gnu-tools-for-stm32.10.3-2021.10.macos64_1.0.100.202210260954/tools/bin/../lib/gcc/arm-none-eabi/10.3.1/../../../../arm-none-eabi/lib/thumb/v7e-m+fp/hard/libc_nano.a(lib_a-fprintf.o) (_vfprintf_r)
/Applications/STM32CubeIDE.app/Contents/Eclipse/plugins/com.st.stm32cube.ide.mcu.externaltools.gnu-tools-for-stm32.10.3-2021.10.macos64_1.0.100.202210260954/tools/bin/../lib/gcc/arm-none-eabi/10.3.1/../../../../arm-none-eabi/lib/thumb/v7e-m+fp/hard/libc_nano.a(lib_a-nano-vfprintf_i.o)
                              /Applications/STM32CubeIDE.app/Contents/Eclipse/plugins/com.st.stm32cube.ide.mcu.externaltools.gnu-tools-for-stm32.10.3-2021.10.macos64_1.0.100.202210260954/tools/bin/../lib/gcc/arm-none-eabi/10.3.1/../../../../arm-none-eabi/lib/thumb/v7e-m+fp/hard/libc_nano.a(lib_a-nano-vfprintf.o) (_printf_i)
/Applications/STM32CubeIDE.app/Contents/Eclipse/plugins/com.st.stm32cube.ide.mcu.externaltools.gnu-tools-for-stm32.10.3-2021.10.macos64_1.0.100.202210260954/tools/bin/../lib/gcc/arm-none-eabi/10.3.1/../../../../arm-none-eabi/lib/thumb/v7e-m+fp/hard/libc_nano.a(lib_a-wbuf.o)
                              /Applications/STM32CubeIDE.app/Contents/Eclipse/plugins/com.st.stm32cube.ide.mcu.externaltools.gnu-tools-for-stm32.10.3-2021.10.macos64_1.0.100.202210260954/tools/bin/../lib/gcc/arm-none-eabi/10.3.1/../../../../arm-none-eabi/lib/thumb/v7e-m+fp/hard/libc_nano.a(lib_a-nano-vfprintf.o) (__swbuf_r)
[...]
Memory Configuration

Name             Origin             Length             Attributes
RAM              0x0000000020000000 0x0000000000020000 xrw
FLASH            0x0000000008000000 0x0000000000080000 xr
*default*        0x0000000000000000 0xffffffffffffffff

Linker script and memory map

LOAD /Applications/STM32CubeIDE.app/Contents/Eclipse/plugins/com.st.stm32cube.ide.mcu.externaltools.gnu-tools-for-stm32.10.3-2021.10.macos64_1.0.100.202210260954/tools/bin/../lib/gcc/arm-none-eabi/10.3.1/thumb/v7e-m+fp/hard/crti.o
LOAD /Applications/STM32CubeIDE.app/Contents/Eclipse/plugins/com.st.stm32cube.ide.mcu.externaltools.gnu-tools-for-stm32.10.3-2021.10.macos64_1.0.100.202210260954/tools/bin/../lib/gcc/arm-none-eabi/10.3.1/thumb/v7e-m+fp/hard/crtbegin.o
LOAD /Applications/STM32CubeIDE.app/Contents/Eclipse/plugins/com.st.stm32cube.ide.mcu.externaltools.gnu-tools-for-stm32.10.3-2021.10.macos64_1.0.100.202210260954/tools/bin/../lib/gcc/arm-none-eabi/10.3.1/../../../../arm-none-eabi/lib/thumb/v7e-m+fp/hard/crt0.o
LOAD ./Src/drivers/LED/LED.o
LOAD ./Src/drivers/UART/UART.o
LOAD ./Src/init/init.o
LOAD ./Src/kernel/kernel.o
LOAD ./Src/kernel/mb/mb.o
LOAD ./Src/kernel/sched/sched.o
LOAD ./Src/kernel/tm/sem/semaphore.o
LOAD ./Src/main.o
LOAD ./Src/syscalls.o
LOAD ./Src/sysmem.o
LOAD ./Startup/startup_stm32f411retx.o
START GROUP
LOAD /Applications/STM32CubeIDE.app/Contents/Eclipse/plugins/com.st.stm32cube.ide.mcu.externaltools.gnu-tools-for-stm32.10.3-2021.10.macos64_1.0.100.202210260954/tools/bin/../lib/gcc/arm-none-eabi/10.3.1/../../../../arm-none-eabi/lib/thumb/v7e-m+fp/hard/libc_nano.a
LOAD /Applications/STM32CubeIDE.app/Contents/Eclipse/plugins/com.st.stm32cube.ide.mcu.externaltools.gnu-tools-for-stm32.10.3-2021.10.macos64_1.0.100.202210260954/tools/bin/../lib/gcc/arm-none-eabi/10.3.1/../../../../arm-none-eabi/lib/thumb/v7e-m+fp/hard/libm.a
END GROUP
START GROUP
LOAD /Applications/STM32CubeIDE.app/Contents/Eclipse/plugins/com.st.stm32cube.ide.mcu.externaltools.gnu-tools-for-stm32.10.3-2021.10.macos64_1.0.100.202210260954/tools/bin/../lib/gcc/arm-none-eabi/10.3.1/thumb/v7e-m+fp/hard/libgcc.a
LOAD /Applications/STM32CubeIDE.app/Contents/Eclipse/plugins/com.st.stm32cube.ide.mcu.externaltools.gnu-tools-for-stm32.10.3-2021.10.macos64_1.0.100.202210260954/tools/bin/../lib/gcc/arm-none-eabi/10.3.1/../../../../arm-none-eabi/lib/thumb/v7e-m+fp/hard/libc_nano.a
END GROUP
START GROUP
LOAD /Applications/STM32CubeIDE.app/Contents/Eclipse/plugins/com.st.stm32cube.ide.mcu.externaltools.gnu-tools-for-stm32.10.3-2021.10.macos64_1.0.100.202210260954/tools/bin/../lib/gcc/arm-none-eabi/10.3.1/thumb/v7e-m+fp/hard/libgcc.a
LOAD /Applications/STM32CubeIDE.app/Contents/Eclipse/plugins/com.st.stm32cube.ide.mcu.externaltools.gnu-tools-for-stm32.10.3-2021.10.macos64_1.0.100.202210260954/tools/bin/../lib/gcc/arm-none-eabi/10.3.1/../../../../arm-none-eabi/lib/thumb/v7e-m+fp/hard/libc_nano.a
LOAD /Applications/STM32CubeIDE.app/Contents/Eclipse/plugins/com.st.stm32cube.ide.mcu.externaltools.gnu-tools-for-stm32.10.3-2021.10.macos64_1.0.100.202210260954/tools/bin/../lib/gcc/arm-none-eabi/10.3.1/../../../../arm-none-eabi/lib/thumb/v7e-m+fp/hard/libnosys.a
END GROUP
START GROUP
LOAD /Applications/STM32CubeIDE.app/Contents/Eclipse/plugins/com.st.stm32cube.ide.mcu.externaltools.gnu-tools-for-stm32.10.3-2021.10.macos64_1.0.100.202210260954/tools/bin/../lib/gcc/arm-none-eabi/10.3.1/thumb/v7e-m+fp/hard/libgcc.a
LOAD /Applications/STM32CubeIDE.app/Contents/Eclipse/plugins/com.st.stm32cube.ide.mcu.externaltools.gnu-tools-for-stm32.10.3-2021.10.macos64_1.0.100.202210260954/tools/bin/../lib/gcc/arm-none-eabi/10.3.1/../../../../arm-none-eabi/lib/thumb/v7e-m+fp/hard/libc_nano.a
LOAD /Applications/STM32CubeIDE.app/Contents/Eclipse/plugins/com.st.stm32cube.ide.mcu.externaltools.gnu-tools-for-stm32.10.3-2021.10.macos64_1.0.100.202210260954/tools/bin/../lib/gcc/arm-none-eabi/10.3.1/../../../../arm-none-eabi/lib/thumb/v7e-m+fp/hard/libnosys.a
END GROUP
LOAD /Applications/STM32CubeIDE.app/Contents/Eclipse/plugins/com.st.stm32cube.ide.mcu.externaltools.gnu-tools-for-stm32.10.3-2021.10.macos64_1.0.100.202210260954/tools/bin/../lib/gcc/arm-none-eabi/10.3.1/thumb/v7e-m+fp/hard/crtend.o
LOAD /Applications/STM32CubeIDE.app/Contents/Eclipse/plugins/com.st.stm32cube.ide.mcu.externaltools.gnu-tools-for-stm32.10.3-2021.10.macos64_1.0.100.202210260954/tools/bin/../lib/gcc/arm-none-eabi/10.3.1/thumb/v7e-m+fp/hard/crtn.o
                0x0000000020020000                _estack = (ORIGIN (RAM) + LENGTH (RAM))
                0x0000000000000200                _Min_Heap_Size = 0x200
                0x0000000000000400                _Min_Stack_Size = 0x400

.isr_vector     0x0000000008000000      0x198
                0x0000000008000000                . = ALIGN (0x4)
 *(.isr_vector)
 .isr_vector    0x0000000008000000      0x198 ./Startup/startup_stm32f411retx.o
                0x0000000008000000                g_pfnVectors
                0x0000000008000198                . = ALIGN (0x4)

.text           0x0000000008000198      0x238
                0x0000000008000198                . = ALIGN (0x4)
 *(.text)
 .text          0x0000000008000198       0x40 /Applications/STM32CubeIDE.app/Contents/Eclipse/plugins/com.st.stm32cube.ide.mcu.externaltools.gnu-tools-for-stm32.10.3-2021.10.macos64_1.0.100.202210260954/tools/bin/../lib/gcc/arm-none-eabi/10.3.1/thumb/v7e-m+fp/hard/crtbegin.o
 *(.text*)
 .text.__init__
                0x00000000080001d8        0xc ./Src/init/init.o
                0x00000000080001d8                __init__
 .text.__NVIC_SetPriority
                0x00000000080001e4       0x54 ./Src/kernel/kernel.o
 .text.kernel_init
                0x0000000008000238       0x28 ./Src/kernel/kernel.o
                0x0000000008000238                kernel_init
 .text.kernel_launch
                0x0000000008000260       0x54 ./Src/kernel/kernel.o
                0x0000000008000260                kernel_launch
 .text.scheduler_launch
                0x00000000080002b4       0x30 ./Src/kernel/sched/sched.o
                0x00000000080002b4                scheduler_launch
 .text.SysTick_Handler
                0x00000000080002e4       0x24 ./Src/kernel/sched/sched.o
                0x00000000080002e4                SysTick_Handler
 .text.main     0x0000000008000308       0x12 ./Src/main.o
                0x0000000008000308                main
 *fill*         0x000000000800031a        0x2 
 .text.Reset_Handler
                0x000000000800031c       0x50 ./Startup/startup_stm32f411retx.o
                0x000000000800031c                Reset_Handler
 .text.Default_Handler
                0x000000000800036c        0x2 ./Startup/startup_stm32f411retx.o
                0x000000000800036c                DMA1_Stream3_IRQHandler
                0x000000000800036c                EXTI2_IRQHandler
                0x000000000800036c                DebugMon_Handler
                0x000000000800036c                SPI4_IRQHandler
                0x000000000800036c                TIM1_CC_IRQHandler
                0x000000000800036c                DMA2_Stream5_IRQHandler
                0x000000000800036c                HardFault_Handler
                0x000000000800036c                DMA1_Stream5_IRQHandler
                0x000000000800036c                PVD_IRQHandler
                0x000000000800036c                SDIO_IRQHandler
                0x000000000800036c                TAMP_STAMP_IRQHandler
                0x000000000800036c                PendSV_Handler
                0x000000000800036c                NMI_Handler
                0x000000000800036c                EXTI3_IRQHandler
                0x000000000800036c                TIM1_UP_TIM10_IRQHandler
                0x000000000800036c                I2C3_ER_IRQHandler
                0x000000000800036c                EXTI0_IRQHandler
                0x000000000800036c                I2C2_EV_IRQHandler
                0x000000000800036c                DMA1_Stream2_IRQHandler
                0x000000000800036c                UsageFault_Handler
                0x000000000800036c                DMA2_Stream2_IRQHandler
                0x000000000800036c                SPI1_IRQHandler
                0x000000000800036c                TIM1_BRK_TIM9_IRQHandler
                0x000000000800036c                DMA2_Stream3_IRQHandler
                0x000000000800036c                USART6_IRQHandler
                0x000000000800036c                DMA2_Stream0_IRQHandler
                0x000000000800036c                TIM4_IRQHandler
                0x000000000800036c                I2C1_EV_IRQHandler
                0x000000000800036c                DMA1_Stream6_IRQHandler
                0x000000000800036c                DMA1_Stream1_IRQHandler
                0x000000000800036c                TIM3_IRQHandler
                0x000000000800036c                RCC_IRQHandler
                0x000000000800036c                Default_Handler
                0x000000000800036c                EXTI15_10_IRQHandler
                0x000000000800036c                ADC_IRQHandler
                0x000000000800036c                DMA1_Stream7_IRQHandler
                0x000000000800036c                SPI5_IRQHandler
                0x000000000800036c                TIM5_IRQHandler
                0x000000000800036c                DMA2_Stream7_IRQHandler
                0x000000000800036c                I2C3_EV_IRQHandler
                0x000000000800036c                EXTI9_5_IRQHandler
                0x000000000800036c                RTC_WKUP_IRQHandler
                0x000000000800036c                SPI2_IRQHandler
                0x000000000800036c                MemManage_Handler
                0x000000000800036c                DMA1_Stream0_IRQHandler
                0x000000000800036c                SVC_Handler
                0x000000000800036c                EXTI4_IRQHandler
                0x000000000800036c                WWDG_IRQHandler
                0x000000000800036c                TIM2_IRQHandler
                0x000000000800036c                OTG_FS_WKUP_IRQHandler
                0x000000000800036c                TIM1_TRG_COM_TIM11_IRQHandler
                0x000000000800036c                EXTI1_IRQHandler
                0x000000000800036c                USART2_IRQHandler
                0x000000000800036c                I2C2_ER_IRQHandler
                0x000000000800036c                DMA2_Stream1_IRQHandler
                0x000000000800036c                FLASH_IRQHandler
                0x000000000800036c                DMA2_Stream4_IRQHandler
                0x000000000800036c                BusFault_Handler
                0x000000000800036c                USART1_IRQHandler
                0x000000000800036c                OTG_FS_IRQHandler
                0x000000000800036c                SPI3_IRQHandler
                0x000000000800036c                DMA1_Stream4_IRQHandler
                0x000000000800036c                I2C1_ER_IRQHandler
                0x000000000800036c                DMA2_Stream6_IRQHandler
                0x000000000800036c                RTC_Alarm_IRQHandler
 *fill*         0x000000000800036e        0x2 
 .text.__libc_init_array
                0x0000000008000370       0x48 /Applications/STM32CubeIDE.app/Contents/Eclipse/plugins/com.st.stm32cube.ide.mcu.externaltools.gnu-tools-for-stm32.10.3-2021.10.macos64_1.0.100.202210260954/tools/bin/../lib/gcc/arm-none-eabi/10.3.1/../../../../arm-none-eabi/lib/thumb/v7e-m+fp/hard/libc_nano.a(lib_a-init.o)
                0x0000000008000370                __libc_init_array
 *(.glue_7)
 .glue_7        0x00000000080003b8        0x0 linker stubs
 *(.glue_7t)
 .glue_7t       0x00000000080003b8        0x0 linker stubs
 *(.eh_frame)
 .eh_frame      0x00000000080003b8        0x0 /Applications/STM32CubeIDE.app/Contents/Eclipse/plugins/com.st.stm32cube.ide.mcu.externaltools.gnu-tools-for-stm32.10.3-2021.10.macos64_1.0.100.202210260954/tools/bin/../lib/gcc/arm-none-eabi/10.3.1/thumb/v7e-m+fp/hard/crtbegin.o
 *(.init)
 .init          0x00000000080003b8        0x4 /Applications/STM32CubeIDE.app/Contents/Eclipse/plugins/com.st.stm32cube.ide.mcu.externaltools.gnu-tools-for-stm32.10.3-2021.10.macos64_1.0.100.202210260954/tools/bin/../lib/gcc/arm-none-eabi/10.3.1/thumb/v7e-m+fp/hard/crti.o
                0x00000000080003b8                _init
 .init          0x00000000080003bc        0x8 /Applications/STM32CubeIDE.app/Contents/Eclipse/plugins/com.st.stm32cube.ide.mcu.externaltools.gnu-tools-for-stm32.10.3-2021.10.macos64_1.0.100.202210260954/tools/bin/../lib/gcc/arm-none-eabi/10.3.1/thumb/v7e-m+fp/hard/crtn.o
 *(.fini)
 .fini          0x00000000080003c4        0x4 /Applications/STM32CubeIDE.app/Contents/Eclipse/plugins/com.st.stm32cube.ide.mcu.externaltools.gnu-tools-for-stm32.10.3-2021.10.macos64_1.0.100.202210260954/tools/bin/../lib/gcc/arm-none-eabi/10.3.1/thumb/v7e-m+fp/hard/crti.o
                0x00000000080003c4                _fini
 .fini          0x00000000080003c8        0x8 /Applications/STM32CubeIDE.app/Contents/Eclipse/plugins/com.st.stm32cube.ide.mcu.externaltools.gnu-tools-for-stm32.10.3-2021.10.macos64_1.0.100.202210260954/tools/bin/../lib/gcc/arm-none-eabi/10.3.1/thumb/v7e-m+fp/hard/crtn.o
                0x00000000080003d0                . = ALIGN (0x4)
                0x00000000080003d0                _etext = .

.vfp11_veneer   0x00000000080003d0        0x0
 .vfp11_veneer  0x00000000080003d0        0x0 linker stubs

.v4_bx          0x00000000080003d0        0x0
 .v4_bx         0x00000000080003d0        0x0 linker stubs

.iplt           0x00000000080003d0        0x0
 .iplt          0x00000000080003d0        0x0 /Applications/STM32CubeIDE.app/Contents/Eclipse/plugins/com.st.stm32cube.ide.mcu.externaltools.gnu-tools-for-stm32.10.3-2021.10.macos64_1.0.100.202210260954/tools/bin/../lib/gcc/arm-none-eabi/10.3.1/thumb/v7e-m+fp/hard/crtbegin.o

.rel.dyn        0x00000000080003d0        0x0
 .rel.iplt      0x00000000080003d0        0x0 /Applications/STM32CubeIDE.app/Contents/Eclipse/plugins/com.st.stm32cube.ide.mcu.externaltools.gnu-tools-for-stm32.10.3-2021.10.macos64_1.0.100.202210260954/tools/bin/../lib/gcc/arm-none-eabi/10.3.1/thumb/v7e-m+fp/hard/crtbegin.o

.rodata         0x00000000080003d0        0x0
                0x00000000080003d0                . = ALIGN (0x4)
 *(.rodata)
 *(.rodata*)
                0x00000000080003d0                . = ALIGN (0x4)

.ARM.extab      0x00000000080003d0        0x0
                0x00000000080003d0                . = ALIGN (0x4)
 *(.ARM.extab* .gnu.linkonce.armextab.*)
                0x00000000080003d0                . = ALIGN (0x4)

.ARM            0x00000000080003d0        0x0
                0x00000000080003d0                . = ALIGN (0x4)
                0x00000000080003d0                __exidx_start = .
 *(.ARM.exidx*)
                0x00000000080003d0                __exidx_end = .
                0x00000000080003d0                . = ALIGN (0x4)

.preinit_array  0x00000000080003d0        0x0
                0x00000000080003d0                . = ALIGN (0x4)
                0x00000000080003d0                PROVIDE (__preinit_array_start = .)
 *(.preinit_array*)
                0x00000000080003d0                PROVIDE (__preinit_array_end = .)
                0x00000000080003d0                . = ALIGN (0x4)

.init_array     0x00000000080003d0        0x4
                0x00000000080003d0                . = ALIGN (0x4)
                0x00000000080003d0                PROVIDE (__init_array_start = .)
 *(SORT_BY_NAME(.init_array.*))
 *(.init_array*)
 .init_array    0x00000000080003d0        0x4 /Applications/STM32CubeIDE.app/Contents/Eclipse/plugins/com.st.stm32cube.ide.mcu.externaltools.gnu-tools-for-stm32.10.3-2021.10.macos64_1.0.100.202210260954/tools/bin/../lib/gcc/arm-none-eabi/10.3.1/thumb/v7e-m+fp/hard/crtbegin.o
                0x00000000080003d4                PROVIDE (__init_array_end = .)
                0x00000000080003d4                . = ALIGN (0x4)

.fini_array     0x00000000080003d4        0x4
                0x00000000080003d4                . = ALIGN (0x4)
                [!provide]                        PROVIDE (__fini_array_start = .)
 *(SORT_BY_NAME(.fini_array.*))
 *(.fini_array*)
 .fini_array    0x00000000080003d4        0x4 /Applications/STM32CubeIDE.app/Contents/Eclipse/plugins/com.st.stm32cube.ide.mcu.externaltools.gnu-tools-for-stm32.10.3-2021.10.macos64_1.0.100.202210260954/tools/bin/../lib/gcc/arm-none-eabi/10.3.1/thumb/v7e-m+fp/hard/crtbegin.o
                [!provide]                        PROVIDE (__fini_array_end = .)
                0x00000000080003d8                . = ALIGN (0x4)
                0x00000000080003d8                _sidata = LOADADDR (.data)

.data           0x0000000020000000        0x0 load address 0x00000000080003d8
                0x0000000020000000                . = ALIGN (0x4)
                0x0000000020000000                _sdata = .
 *(.data)
 *(.data*)
 *(.RamFunc)
 *(.RamFunc*)
                0x0000000020000000                . = ALIGN (0x4)
                0x0000000020000000                _edata = .

.igot.plt       0x0000000020000000        0x0 load address 0x00000000080003d8
 .igot.plt      0x0000000020000000        0x0 /Applications/STM32CubeIDE.app/Contents/Eclipse/plugins/com.st.stm32cube.ide.mcu.externaltools.gnu-tools-for-stm32.10.3-2021.10.macos64_1.0.100.202210260954/tools/bin/../lib/gcc/arm-none-eabi/10.3.1/thumb/v7e-m+fp/hard/crtbegin.o
                0x0000000020000000                . = ALIGN (0x4)

.bss            0x0000000020000000       0x28 load address 0x00000000080003d8
                0x0000000020000000                _sbss = .
                0x0000000020000000                __bss_start__ = _sbss
 *(.bss)
 .bss           0x0000000020000000       0x1c /Applications/STM32CubeIDE.app/Contents/Eclipse/plugins/com.st.stm32cube.ide.mcu.externaltools.gnu-tools-for-stm32.10.3-2021.10.macos64_1.0.100.202210260954/tools/bin/../lib/gcc/arm-none-eabi/10.3.1/thumb/v7e-m+fp/hard/crtbegin.o
 *(.bss*)
 .bss.__current_ptr__
                0x000000002000001c        0x4 ./Src/kernel/kernel.o
                0x000000002000001c                __current_ptr__
 .bss.MILLIS_PRESCALER
                0x0000000020000020        0x4 ./Src/kernel/kernel.o
                0x0000000020000020                MILLIS_PRESCALER
 .bss.recently_added_thread_id
                0x0000000020000024        0x4 ./Src/kernel/kernel.o
                0x0000000020000024                recently_added_thread_id
 *(COMMON)
                0x0000000020000028                . = ALIGN (0x4)
                0x0000000020000028                _ebss = .
                0x0000000020000028                __bss_end__ = _ebss

._user_heap_stack
                0x0000000020000028      0x600 load address 0x00000000080003d8
                0x0000000020000028                . = ALIGN (0x8)
                [!provide]                        PROVIDE (end = .)
                0x0000000020000028                PROVIDE (_end = .)
                0x0000000020000228                . = (. + _Min_Heap_Size)
 *fill*         0x0000000020000028      0x200 
                0x0000000020000628                . = (. + _Min_Stack_Size)
 *fill*         0x0000000020000228      0x400 
                0x0000000020000628                . = ALIGN (0x8)

/DISCARD/
 libc.a(*)
 libm.a(*)
 libgcc.a(*)

.ARM.attributes
                0x0000000000000000       0x30
 *(.ARM.attributes)
 .ARM.attributes
                0x0000000000000000       0x1e /Applications/STM32CubeIDE.app/Contents/Eclipse/plugins/com.st.stm32cube.ide.mcu.externaltools.gnu-tools-for-stm32.10.3-2021.10.macos64_1.0.100.202210260954/tools/bin/../lib/gcc/arm-none-eabi/10.3.1/thumb/v7e-m+fp/hard/crti.o
 .ARM.attributes
                0x000000000000001e       0x34 /Applications/STM32CubeIDE.app/Contents/Eclipse/plugins/com.st.stm32cube.ide.mcu.externaltools.gnu-tools-for-stm32.10.3-2021.10.macos64_1.0.100.202210260954/tools/bin/../lib/gcc/arm-none-eabi/10.3.1/thumb/v7e-m+fp/hard/crtbegin.o
 .ARM.attributes
                0x0000000000000052       0x34 ./Src/init/init.o
 .ARM.attributes
                0x0000000000000086       0x34 ./Src/kernel/kernel.o
 .ARM.attributes
                0x00000000000000ba       0x34 ./Src/kernel/sched/sched.o
 .ARM.attributes
                0x00000000000000ee       0x34 ./Src/main.o
 .ARM.attributes
                0x0000000000000122       0x21 ./Startup/startup_stm32f411retx.o
 .ARM.attributes
                0x0000000000000143       0x34 /Applications/STM32CubeIDE.app/Contents/Eclipse/plugins/com.st.stm32cube.ide.mcu.externaltools.gnu-tools-for-stm32.10.3-2021.10.macos64_1.0.100.202210260954/tools/bin/../lib/gcc/arm-none-eabi/10.3.1/../../../../arm-none-eabi/lib/thumb/v7e-m+fp/hard/libc_nano.a(lib_a-init.o)
 .ARM.attributes
                0x0000000000000177       0x1e /Applications/STM32CubeIDE.app/Contents/Eclipse/plugins/com.st.stm32cube.ide.mcu.externaltools.gnu-tools-for-stm32.10.3-2021.10.macos64_1.0.100.202210260954/tools/bin/../lib/gcc/arm-none-eabi/10.3.1/thumb/v7e-m+fp/hard/crtn.o
OUTPUT(ysRTOS.elf elf32-littlearm)
LOAD linker stubs
LOAD /Applications/STM32CubeIDE.app/Contents/Eclipse/plugins/com.st.stm32cube.ide.mcu.externaltools.gnu-tools-for-stm32.10.3-2021.10.macos64_1.0.100.202210260954/tools/bin/../lib/gcc/arm-none-eabi/10.3.1/../../../../arm-none-eabi/lib/thumb/v7e-m+fp/hard/libc.a
LOAD /Applications/STM32CubeIDE.app/Contents/Eclipse/plugins/com.st.stm32cube.ide.mcu.externaltools.gnu-tools-for-stm32.10.3-2021.10.macos64_1.0.100.202210260954/tools/bin/../lib/gcc/arm-none-eabi/10.3.1/../../../../arm-none-eabi/lib/thumb/v7e-m+fp/hard/libm.a
LOAD /Applications/STM32CubeIDE.app/Contents/Eclipse/plugins/com.st.stm32cube.ide.mcu.externaltools.gnu-tools-for-stm32.10.3-2021.10.macos64_1.0.100.202210260954/tools/bin/../lib/gcc/arm-none-eabi/10.3.1/thumb/v7e-m+fp/hard/libgcc.a

.debug_info     0x0000000000000000     0x117d
 .debug_info    0x0000000000000000       0x98 ./Src/init/init.o
 .debug_info    0x0000000000000098      0xf07 ./Src/kernel/kernel.o
 .debug_info    0x0000000000000f9f      0x118 ./Src/kernel/sched/sched.o
 .debug_info    0x00000000000010b7       0xa4 ./Src/main.o
 .debug_info    0x000000000000115b       0x22 ./Startup/startup_stm32f411retx.o

.debug_abbrev   0x0000000000000000      0x497
 .debug_abbrev  0x0000000000000000       0x5a ./Src/init/init.o
 .debug_abbrev  0x000000000000005a      0x32b ./Src/kernel/kernel.o
 .debug_abbrev  0x0000000000000385       0xa4 ./Src/kernel/sched/sched.o
 .debug_abbrev  0x0000000000000429       0x5c ./Src/main.o
 .debug_abbrev  0x0000000000000485       0x12 ./Startup/startup_stm32f411retx.o

.debug_aranges  0x0000000000000000       0xd8
 .debug_aranges
                0x0000000000000000       0x20 ./Src/init/init.o
 .debug_aranges
                0x0000000000000020       0x40 ./Src/kernel/kernel.o
 .debug_aranges
                0x0000000000000060       0x30 ./Src/kernel/sched/sched.o
 .debug_aranges
                0x0000000000000090       0x20 ./Src/main.o
 .debug_aranges
                0x00000000000000b0       0x28 ./Startup/startup_stm32f411retx.o

.debug_ranges   0x0000000000000000       0x90
 .debug_ranges  0x0000000000000000       0x10 ./Src/init/init.o
 .debug_ranges  0x0000000000000010       0x30 ./Src/kernel/kernel.o
 .debug_ranges  0x0000000000000040       0x20 ./Src/kernel/sched/sched.o
 .debug_ranges  0x0000000000000060       0x10 ./Src/main.o
 .debug_ranges  0x0000000000000070       0x20 ./Startup/startup_stm32f411retx.o

.debug_macro    0x0000000000000000     0x17a0
 .debug_macro   0x0000000000000000      0x2b5 ./Src/init/init.o
 .debug_macro   0x00000000000002b5       0x52 ./Src/init/init.o
 .debug_macro   0x0000000000000307       0x1e ./Src/init/init.o
 .debug_macro   0x0000000000000325       0x3c ./Src/init/init.o
 .debug_macro   0x0000000000000361       0x34 ./Src/init/init.o
 .debug_macro   0x0000000000000395       0x16 ./Src/init/init.o
 .debug_macro   0x00000000000003ab       0x97 ./Src/init/init.o
 .debug_macro   0x0000000000000442      0x341 ./Src/init/init.o
 .debug_macro   0x0000000000000783       0xfd ./Src/init/init.o
 .debug_macro   0x0000000000000880       0x10 ./Src/init/init.o
 .debug_macro   0x0000000000000890       0x16 ./Src/init/init.o
 .debug_macro   0x00000000000008a6       0x43 ./Src/init/init.o
 .debug_macro   0x00000000000008e9       0x34 ./Src/init/init.o
 .debug_macro   0x000000000000091d       0x10 ./Src/init/init.o
 .debug_macro   0x000000000000092d       0x58 ./Src/init/init.o
 .debug_macro   0x0000000000000985       0x71 ./Src/init/init.o
 .debug_macro   0x00000000000009f6       0x1c ./Src/init/init.o
 .debug_macro   0x0000000000000a12      0x12a ./Src/init/init.o
 .debug_macro   0x0000000000000b3c       0x10 ./Src/init/init.o
 .debug_macro   0x0000000000000b4c       0x1c ./Src/init/init.o
 .debug_macro   0x0000000000000b68       0x52 ./Src/init/init.o
 .debug_macro   0x0000000000000bba       0x22 ./Src/init/init.o
 .debug_macro   0x0000000000000bdc       0x10 ./Src/init/init.o
 .debug_macro   0x0000000000000bec       0x52 ./Src/init/init.o
 .debug_macro   0x0000000000000c3e       0xd5 ./Src/init/init.o
 .debug_macro   0x0000000000000d13       0x1c ./Src/init/init.o
 .debug_macro   0x0000000000000d2f       0x3d ./Src/init/init.o
 .debug_macro   0x0000000000000d6c       0x16 ./Src/init/init.o
 .debug_macro   0x0000000000000d82      0x145 ./Src/init/init.o
 .debug_macro   0x0000000000000ec7       0x28 ./Src/init/init.o
 .debug_macro   0x0000000000000eef       0x16 ./Src/init/init.o
 .debug_macro   0x0000000000000f05       0x35 ./Src/init/init.o
 .debug_macro   0x0000000000000f3a       0x16 ./Src/init/init.o
 .debug_macro   0x0000000000000f50       0x29 ./Src/init/init.o
 .debug_macro   0x0000000000000f79      0x2b1 ./Src/kernel/kernel.o
 .debug_macro   0x000000000000122a       0xe4 ./Src/kernel/sched/sched.o
 .debug_macro   0x000000000000130e      0x2ad ./Src/main.o
 .debug_macro   0x00000000000015bb      0x10e ./Src/main.o
 .debug_macro   0x00000000000016c9       0x8d ./Src/main.o
 .debug_macro   0x0000000000001756       0x1c ./Src/main.o
 .debug_macro   0x0000000000001772       0x2e ./Src/main.o

.debug_line     0x0000000000000000     0x1e1a
 .debug_line    0x0000000000000000      0x7ff ./Src/init/init.o
 .debug_line    0x00000000000007ff      0x862 ./Src/kernel/kernel.o
 .debug_line    0x0000000000001061      0x532 ./Src/kernel/sched/sched.o
 .debug_line    0x0000000000001593      0x803 ./Src/main.o
 .debug_line    0x0000000000001d96       0x84 ./Startup/startup_stm32f411retx.o

.debug_str      0x0000000000000000    0x543fe
 .debug_str     0x0000000000000000    0x53a17 ./Src/init/init.o
                                      0x53c04 (size before relaxing)
 .debug_str     0x0000000000053a17      0x929 ./Src/kernel/kernel.o
                                      0x54568 (size before relaxing)
 .debug_str     0x0000000000054340       0x7a ./Src/kernel/sched/sched.o
                                      0x4fa79 (size before relaxing)
 .debug_str     0x00000000000543ba       0x13 ./Src/main.o
                                      0x53c06 (size before relaxing)
 .debug_str     0x00000000000543cd       0x31 ./Startup/startup_stm32f411retx.o
                                         0x6a (size before relaxing)

.comment        0x0000000000000000       0x50
 .comment       0x0000000000000000       0x50 ./Src/init/init.o
                                         0x51 (size before relaxing)
 .comment       0x0000000000000050       0x51 ./Src/kernel/kernel.o
 .comment       0x0000000000000050       0x51 ./Src/kernel/sched/sched.o
 .comment       0x0000000000000050       0x51 ./Src/main.o

.debug_frame    0x0000000000000000      0x1a4
 .debug_frame   0x0000000000000000       0x2c ./Src/init/init.o
 .debug_frame   0x000000000000002c       0xc0 ./Src/kernel/kernel.o
 .debug_frame   0x00000000000000ec       0x60 ./Src/kernel/sched/sched.o
 .debug_frame   0x000000000000014c       0x2c ./Src/main.o
 .debug_frame   0x0000000000000178       0x2c /Applications/STM32CubeIDE.app/Contents/Eclipse/plugins/com.st.stm32cube.ide.mcu.externaltools.gnu-tools-for-stm32.10.3-2021.10.macos64_1.0.100.202210260954/tools/bin/../lib/gcc/arm-none-eabi/10.3.1/../../../../arm-none-eabi/lib/thumb/v7e-m+fp/hard/libc_nano.a(lib_a-init.o)
