../Src/syscalls.c:24:6:initialise_monitor_handles	4	static
../Src/syscalls.c:28:5:_getpid	4	static
../Src/syscalls.c:33:5:_kill	16	static
../Src/syscalls.c:41:6:_exit	16	static
../Src/syscalls.c:47:27:_read	32	static
../Src/syscalls.c:60:27:_write	32	static
../Src/syscalls.c:72:5:_close	16	static
../Src/syscalls.c:79:5:_fstat	16	static
../Src/syscalls.c:86:5:_isatty	16	static
../Src/syscalls.c:92:5:_lseek	24	static
../Src/syscalls.c:100:5:_open	12	static
../Src/syscalls.c:108:5:_wait	16	static
../Src/syscalls.c:115:5:_unlink	16	static
../Src/syscalls.c:122:5:_times	16	static
../Src/syscalls.c:128:5:_stat	16	static
../Src/syscalls.c:135:5:_link	16	static
../Src/syscalls.c:143:5:_fork	8	static
../Src/syscalls.c:149:5:_execve	24	static
